14:53:09 [INFO] main: 🌐 Шаг 1/3: Получаем cookie через Playwright...
14:53:09 [INFO] playwright_auth: 🍪 Используем cookie из .env (794 симв | qrator_jsid2=✓)
14:53:09 [INFO] main: 📄 Шаг 2/3: Сбор каталога...
14:53:09 [ERROR] http_utils: [CATALOG_1] HTTP 401 — Cookie устарела! Обнови LEMANA_COOKIE в .env
14:54:19 [INFO] main: 🌐 Шаг 1/3: Получаем cookie через Playwright...
14:54:19 [INFO] playwright_auth: 🍪 Используем cookie из .env (794 симв | qrator_jsid2=✓)
14:54:20 [INFO] main: 📄 Шаг 2/3: Сбор каталога...
14:54:21 [INFO] catalog: ℹ️  totalCount=177, perPage=27, totalPages=7
14:54:23 [INFO] main: ✅ Товаров в каталоге: 80
14:54:23 [INFO] main: 🔎 Шаг 3/3: Загрузка карточек товаров...
14:54:25 [WARNING] http_utils: [PROD_86131547] attempt=1 HTTP 403 — rate-limit, ждём 2.1 сек
14:54:26 [WARNING] http_utils: [PROD_81956599] attempt=1 HTTP 403 — rate-limit, ждём 2.4 сек
14:54:26 [WARNING] http_utils: [PROD_82355775] attempt=1 HTTP 403 — rate-limit, ждём 1.3 сек
14:54:26 [WARNING] http_utils: [PROD_82833801] attempt=1 HTTP 403 — rate-limit, ждём 2.0 сек
14:54:26 [WARNING] http_utils: [PROD_82355773] attempt=1 HTTP 403 — rate-limit, ждём 2.2 сек
14:54:26 [WARNING] http_utils: [PROD_88241802] attempt=1 HTTP 403 — rate-limit, ждём 1.2 сек
14:54:26 [WARNING] http_utils: [PROD_85323811] attempt=1 HTTP 403 — rate-limit, ждём 1.7 сек
14:54:26 [WARNING] http_utils: [PROD_86131556] attempt=1 HTTP 403 — rate-limit, ждём 2.1 сек
14:54:26 [WARNING] http_utils: [PROD_88241803] attempt=1 HTTP 403 — rate-limit, ждём 1.9 сек
14:54:26 [WARNING] http_utils: [PROD_88013878] attempt=1 HTTP 403 — rate-limit, ждём 1.8 сек
14:54:26 [WARNING] http_utils: [PROD_89350875] attempt=1 HTTP 403 — rate-limit, ждём 1.5 сек
14:54:26 [WARNING] http_utils: [PROD_88013877] attempt=1 HTTP 403 — rate-limit, ждём 1.6 сек
14:54:26 [WARNING] http_utils: [PROD_89407693] attempt=1 HTTP 403 — rate-limit, ждём 2.0 сек
14:54:26 [WARNING] http_utils: [PROD_85324149] attempt=1 HTTP 403 — rate-limit, ждём 1.3 сек
14:54:26 [WARNING] http_utils: [PROD_82833779] attempt=1 HTTP 403 — rate-limit, ждём 2.2 сек
14:54:26 [WARNING] http_utils: [PROD_86542140] attempt=1 HTTP 403 — rate-limit, ждём 1.8 сек
14:54:26 [WARNING] http_utils: [PROD_89345997] attempt=1 HTTP 403 — rate-limit, ждём 1.9 сек
14:54:26 [WARNING] http_utils: [PROD_89361526] attempt=1 HTTP 403 — rate-limit, ждём 1.4 сек
14:54:27 [WARNING] http_utils: [PROD_82355775] attempt=2 HTTP 403 — rate-limit, ждём 4.2 сек
14:54:27 [WARNING] http_utils: [PROD_88241802] attempt=2 HTTP 403 — rate-limit, ждём 3.1 сек
14:54:27 [WARNING] http_utils: [PROD_85324149] attempt=2 HTTP 403 — rate-limit, ждём 3.5 сек
14:54:27 [WARNING] http_utils: [PROD_89361526] attempt=2 HTTP 403 — rate-limit, ждём 4.3 сек
14:54:27 [WARNING] http_utils: [PROD_89350875] attempt=2 HTTP 403 — rate-limit, ждём 4.4 сек
14:54:27 [WARNING] http_utils: [PROD_88013877] attempt=2 HTTP 403 — rate-limit, ждём 3.8 сек
14:54:27 [WARNING] http_utils: [PROD_85323811] attempt=2 HTTP 403 — rate-limit, ждём 4.4 сек
14:54:27 [WARNING] http_utils: [PROD_88013878] attempt=2 HTTP 403 — rate-limit, ждём 3.3 сек
14:54:28 [WARNING] http_utils: [PROD_88241803] attempt=2 HTTP 403 — rate-limit, ждём 4.2 сек
14:54:28 [WARNING] http_utils: [PROD_86131547] attempt=2 HTTP 403 — rate-limit, ждём 3.2 сек
14:54:28 [WARNING] http_utils: [PROD_82833801] attempt=2 HTTP 403 — rate-limit, ждём 4.3 сек
14:54:28 [WARNING] http_utils: [PROD_86542140] attempt=2 HTTP 403 — rate-limit, ждём 3.1 сек
14:54:28 [WARNING] http_utils: [PROD_89407693] attempt=2 HTTP 403 — rate-limit, ждём 3.3 сек
14:54:28 [WARNING] http_utils: [PROD_89345997] attempt=2 HTTP 403 — rate-limit, ждём 4.1 сек
14:54:28 [WARNING] http_utils: [PROD_86131556] attempt=2 HTTP 403 — rate-limit, ждём 4.2 сек
14:54:28 [WARNING] http_utils: [PROD_82355773] attempt=2 HTTP 403 — rate-limit, ждём 3.8 сек
14:54:28 [WARNING] http_utils: [PROD_82833779] attempt=2 HTTP 403 — rate-limit, ждём 3.1 сек
14:54:28 [WARNING] http_utils: [PROD_81956599] attempt=2 HTTP 403 — rate-limit, ждём 3.9 сек
14:54:30 [WARNING] http_utils: [PROD_88241802] attempt=3 HTTP 403 — rate-limit, ждём 6.9 сек
14:54:31 [WARNING] http_utils: [PROD_85324149] attempt=3 HTTP 403 — rate-limit, ждём 6.0 сек
14:54:31 [WARNING] http_utils: [PROD_86542140] attempt=3 HTTP 403 — rate-limit, ждём 7.2 сек
14:54:31 [WARNING] http_utils: [PROD_88013878] attempt=3 HTTP 403 — rate-limit, ждём 6.0 сек
14:54:31 [WARNING] http_utils: [PROD_86131547] attempt=3 HTTP 403 — rate-limit, ждём 7.0 сек
14:54:31 [WARNING] http_utils: [PROD_89407693] attempt=3 HTTP 403 — rate-limit, ждём 7.1 сек
14:54:31 [WARNING] http_utils: [PROD_82833779] attempt=3 HTTP 403 — rate-limit, ждём 7.1 сек
14:54:31 [WARNING] http_utils: [PROD_82355775] attempt=3 HTTP 403 — rate-limit, ждём 5.9 сек
14:54:31 [WARNING] http_utils: [PROD_88013877] attempt=3 HTTP 403 — rate-limit, ждём 7.0 сек
14:54:32 [WARNING] http_utils: [PROD_89361526] attempt=3 HTTP 403 — rate-limit, ждём 6.0 сек
14:54:32 [WARNING] http_utils: [PROD_89350875] attempt=3 HTTP 403 — rate-limit, ждём 6.9 сек
14:54:32 [WARNING] http_utils: [PROD_82355773] attempt=3 HTTP 403 — rate-limit, ждём 6.5 сек
14:54:32 [WARNING] http_utils: [PROD_88241803] attempt=3 HTTP 403 — rate-limit, ждём 6.4 сек
14:54:32 [WARNING] http_utils: [PROD_85323811] attempt=3 HTTP 403 — rate-limit, ждём 6.9 сек
14:54:32 [WARNING] http_utils: [PROD_89345997] attempt=3 HTTP 403 — rate-limit, ждём 6.5 сек
14:54:32 [WARNING] http_utils: [PROD_81956599] attempt=3 HTTP 403 — rate-limit, ждём 6.8 сек
14:54:32 [WARNING] http_utils: [PROD_82833801] attempt=3 HTTP 403 — rate-limit, ждём 6.9 сек
14:54:32 [WARNING] http_utils: [PROD_86131556] attempt=3 HTTP 403 — rate-limit, ждём 6.7 сек
14:54:37 [WARNING] http_utils: [PROD_85324149] attempt=4 HTTP 403 — rate-limit, ждём 10.2 сек
14:54:37 [ERROR] http_utils: [PROD_85324149] retry exhausted: https://lemanapro.ru/product/bra-svetodiodnyy-vlagozashchishchennyy-inspire-nikea-4-vt-neytralnyy-belyy-svet-cvet-belyy-85324149/
14:54:37 [WARNING] http_utils: [PROD_88013878] attempt=4 HTTP 403 — rate-limit, ждём 11.6 сек
14:54:37 [ERROR] http_utils: [PROD_88013878] retry exhausted: https://lemanapro.ru/product/svetilnik-svetodiodnyy-smartbuy-sbl-bt15-40-15-vt-ip65-oval-cvet-belyy-88013878/
14:54:37 [WARNING] http_utils: [PROD_88241802] attempt=4 HTTP 403 — rate-limit, ждём 10.5 сек
14:54:37 [ERROR] http_utils: [PROD_88241802] retry exhausted: https://lemanapro.ru/product/svetilnik-tochechnyy-vstraivaemyy-vlagozashchishchennyy-voltega-pod-otverstie-65-mm-kvadrat-4-m-cvet-chernyy-88241802/
14:54:37 [WARNING] http_utils: [PROD_82355775] attempt=4 HTTP 403 — rate-limit, ждём 11.0 сек
14:54:37 [ERROR] http_utils: [PROD_82355775] retry exhausted: https://lemanapro.ru/product/svetilnik-lineynyy-svetodiodnyy-wt4-635-mm-9-vt-neytralnyy-belyy-svet-82355775/
14:54:38 [WARNING] http_utils: [PROD_89361526] attempt=4 HTTP 403 — rate-limit, ждём 10.3 сек
14:54:38 [ERROR] http_utils: [PROD_89361526] retry exhausted: https://lemanapro.ru/product/svetilnik-nastenno-potolochnyy-utilitarnyy-svetodiodnyy-sbl-wh-15-vt-kvadrat-cvet-belyy-89361526/
14:54:38 [WARNING] http_utils: [PROD_86131547] attempt=4 HTTP 403 — rate-limit, ждём 10.6 сек
14:54:38 [ERROR] http_utils: [PROD_86131547] retry exhausted: https://lemanapro.ru/product/spot-vstraivaemyy-vlagozashchishchennyy-inspire-auribail-svetodiodnyy-pod-otverstie-70-mm-cvet-belyy-86131547/
14:54:38 [WARNING] http_utils: [PROD_86542140] attempt=4 HTTP 403 — rate-limit, ждём 10.6 сек
14:54:38 [ERROR] http_utils: [PROD_86542140] retry exhausted: https://lemanapro.ru/product/svetilnik-nastenno-potolochnyy-svetodiodnyy-inspire-8-vt-6500k-ip65-krug-holodnyy-belyy-svet-cvet-belyy-86542140/
14:54:38 [WARNING] http_utils: [PROD_88013877] attempt=4 HTTP 403 — rate-limit, ждём 11.1 сек
14:54:38 [ERROR] http_utils: [PROD_88013877] retry exhausted: https://lemanapro.ru/product/svetilnik-svetodiodnyy-smartbuy-sbl-btr22-40-22-vt-ip65-krug-cvet-belyy-88013877/
14:54:38 [WARNING] http_utils: [PROD_88241803] attempt=4 HTTP 403 — rate-limit, ждём 11.3 сек
14:54:38 [ERROR] http_utils: [PROD_88241803] retry exhausted: https://lemanapro.ru/product/svetilnik-tochechnyy-vstraivaemyy-vlagozashchishchennyy-voltega-pod-otverstie-65-mm-krug-4-m-cvet-chernyy-88241803/
14:54:38 [WARNING] http_utils: [PROD_89407693] attempt=4 HTTP 403 — rate-limit, ждём 11.3 сек
14:54:38 [ERROR] http_utils: [PROD_89407693] retry exhausted: https://lemanapro.ru/product/svetodiodnaya-lenta-dlya-konturnoy-podsvetki-apeyron-smd5050-12v-10mm-5m-10vt-m-60diod-m-700lm-m-ip65-4k-neytralnyy-svet-89407693/
14:54:38 [WARNING] http_utils: [PROD_82355773] attempt=4 HTTP 403 — rate-limit, ждём 10.6 сек
14:54:38 [ERROR] http_utils: [PROD_82355773] retry exhausted: https://lemanapro.ru/product/svetilnik-lineynyy-svetodiodnyy-wt4-904-mm-12-vt-neytralnyy-belyy-svet-82355773/
14:54:38 [WARNING] http_utils: [PROD_82833779] attempt=4 HTTP 403 — rate-limit, ждём 11.4 сек
14:54:38 [ERROR] http_utils: [PROD_82833779] retry exhausted: https://lemanapro.ru/product/vstraivaemyy-svetilnik-daunlayt-ledvance-13w-865-ip44-153-mm-svet-holodnyy-belyy-goluboy-82833779/
14:54:38 [WARNING] http_utils: [PROD_89345997] attempt=4 HTTP 403 — rate-limit, ждём 10.3 сек
14:54:38 [ERROR] http_utils: [PROD_89345997] retry exhausted: https://lemanapro.ru/product/nastennyy-svetilnik-kron-fr5339wl-01n-pod-lampu-vlagozashchishchennyy-cvet-serebristyy-89345997/
14:54:39 [WARNING] http_utils: [PROD_89350875] attempt=4 HTTP 403 — rate-limit, ждём 11.4 сек
14:54:39 [ERROR] http_utils: [PROD_89350875] retry exhausted: https://lemanapro.ru/product/svetilnik-zhkh-svetodiodnyy-onlayt-obl-20-vt-6500-k-ip65-s-datchikom-dvizheniya-krug-cvet-belyy-89350875/
14:54:39 [WARNING] http_utils: [PROD_85323811] attempt=4 HTTP 403 — rate-limit, ждём 11.4 сек
14:54:39 [ERROR] http_utils: [PROD_85323811] retry exhausted: https://lemanapro.ru/product/spot-svetodiodnyy-nakladnoy-vlagozashchishchennyy-inspire-sanoa-l-10-m-reguliruemyy-belyy-svet-cvet-belyy-85323811/
14:54:39 [WARNING] http_utils: [PROD_81956599] attempt=4 HTTP 403 — rate-limit, ждём 11.1 сек
14:54:39 [ERROR] http_utils: [PROD_81956599] retry exhausted: https://lemanapro.ru/product/svetilnik-sirius-1xe27x40-vt-ip54-cvet-belyy-81956599/
14:54:39 [WARNING] http_utils: [PROD_86131556] attempt=4 HTTP 403 — rate-limit, ждём 11.1 сек
14:54:39 [ERROR] http_utils: [PROD_86131556] retry exhausted: https://lemanapro.ru/product/spot-vstraivaemyy-vlagozashchishchennyy-inspire-auribail-svetodiodnyy-pod-otverstie-70-mm-cvet-hrom-86131556/
14:54:39 [WARNING] http_utils: [PROD_82833801] attempt=4 HTTP 403 — rate-limit, ждём 11.2 сек
14:54:39 [ERROR] http_utils: [PROD_82833801] retry exhausted: https://lemanapro.ru/product/vstraivaemyy-svetilnik-daunlayt-ledvance-24w-840-ip44-262-mm-svet-neytralnyy-belyy-82833801/
14:54:40 [WARNING] http_utils: [PROD_85025919] attempt=1 HTTP 403 — rate-limit, ждём 1.8 сек
14:54:40 [WARNING] http_utils: [PROD_89437381] attempt=1 HTTP 403 — rate-limit, ждём 2.0 сек
14:54:40 [WARNING] http_utils: [PROD_86542141] attempt=1 HTTP 403 — rate-limit, ждём 1.9 сек
14:54:40 [WARNING] http_utils: [PROD_84609097] attempt=1 HTTP 403 — rate-limit, ждём 2.1 сек
14:54:40 [WARNING] http_utils: [PROD_82551936] attempt=1 HTTP 403 — rate-limit, ждём 1.6 сек
14:54:40 [WARNING] http_utils: [PROD_85323800] attempt=1 HTTP 403 — rate-limit, ждём 2.3 сек
14:54:40 [WARNING] http_utils: [PROD_82738609] attempt=1 HTTP 403 — rate-limit, ждём 1.3 сек
14:54:40 [WARNING] http_utils: [PROD_82705183] attempt=1 HTTP 403 — rate-limit, ждём 2.1 сек
14:54:40 [WARNING] http_utils: [PROD_82738612] attempt=1 HTTP 403 — rate-limit, ждём 1.6 сек
14:54:40 [WARNING] http_utils: [PROD_88491141] attempt=1 HTTP 403 — rate-limit, ждём 1.7 сек
14:54:40 [WARNING] http_utils: [PROD_89354227] attempt=1 HTTP 403 — rate-limit, ждём 2.5 сек
14:54:40 [WARNING] http_utils: [PROD_82833727] attempt=1 HTTP 403 — rate-limit, ждём 2.1 сек
14:54:40 [WARNING] http_utils: [PROD_85323785] attempt=1 HTTP 403 — rate-limit, ждём 1.5 сек
14:54:40 [WARNING] http_utils: [PROD_82507253] attempt=1 HTTP 403 — rate-limit, ждём 1.2 сек
14:54:40 [WARNING] http_utils: [PROD_85323788] attempt=1 HTTP 403 — rate-limit, ждём 2.4 сек
14:54:40 [WARNING] http_utils: [PROD_89437027] attempt=1 HTTP 403 — rate-limit, ждём 1.6 сек
14:54:40 [WARNING] http_utils: [PROD_88490077] attempt=1 HTTP 403 — rate-limit, ждём 2.2 сек
14:54:40 [WARNING] http_utils: [PROD_89437087] attempt=1 HTTP 403 — rate-limit, ждём 2.1 сек
14:54:40 [WARNING] http_utils: [PROD_89437083] attempt=1 HTTP 403 — rate-limit, ждём 2.0 сек
14:54:40 [WARNING] http_utils: [PROD_82666390] attempt=1 HTTP 403 — rate-limit, ждём 1.9 сек
14:54:41 [WARNING] http_utils: [PROD_82507253] attempt=2 HTTP 403 — rate-limit, ждём 3.3 сек
14:54:41 [WARNING] http_utils: [PROD_82738609] attempt=2 HTTP 403 — rate-limit, ждём 4.2 сек
14:54:41 [WARNING] http_utils: [PROD_85323785] attempt=2 HTTP 403 — rate-limit, ждём 4.0 сек
14:54:41 [WARNING] http_utils: [PROD_82551936] attempt=2 HTTP 403 — rate-limit, ждём 3.1 сек
14:54:41 [WARNING] http_utils: [PROD_82738612] attempt=2 HTTP 403 — rate-limit, ждём 4.2 сек
14:54:41 [WARNING] http_utils: [PROD_89437027] attempt=2 HTTP 403 — rate-limit, ждём 3.2 сек
14:54:41 [WARNING] http_utils: [PROD_88491141] attempt=2 HTTP 403 — rate-limit, ждём 4.0 сек
14:54:41 [WARNING] http_utils: [PROD_85025919] attempt=2 HTTP 403 — rate-limit, ждём 4.0 сек
14:54:42 [WARNING] http_utils: [PROD_86542141] attempt=2 HTTP 403 — rate-limit, ждём 3.8 сек
14:54:42 [WARNING] http_utils: [PROD_89437381] attempt=2 HTTP 403 — rate-limit, ждём 4.1 сек
14:54:42 [WARNING] http_utils: [PROD_82666390] attempt=2 HTTP 403 — rate-limit, ждём 4.1 сек
14:54:42 [WARNING] http_utils: [PROD_89437083] attempt=2 HTTP 403 — rate-limit, ждём 3.8 сек
14:54:42 [WARNING] http_utils: [PROD_82705183] attempt=2 HTTP 403 — rate-limit, ждём 4.3 сек
14:54:42 [WARNING] http_utils: [PROD_84609097] attempt=2 HTTP 403 — rate-limit, ждём 2.9 сек
14:54:42 [WARNING] http_utils: [PROD_82833727] attempt=2 HTTP 403 — rate-limit, ждём 3.5 сек
14:54:42 [WARNING] http_utils: [PROD_89437087] attempt=2 HTTP 403 — rate-limit, ждём 3.0 сек
14:54:42 [WARNING] http_utils: [PROD_85323800] attempt=2 HTTP 403 — rate-limit, ждём 4.1 сек
14:54:42 [WARNING] http_utils: [PROD_88490077] attempt=2 HTTP 403 — rate-limit, ждём 3.7 сек
14:54:42 [WARNING] http_utils: [PROD_85323788] attempt=2 HTTP 403 — rate-limit, ждём 4.3 сек
14:54:42 [WARNING] http_utils: [PROD_89354227] attempt=2 HTTP 403 — rate-limit, ждём 3.6 сек
14:54:44 [WARNING] http_utils: [PROD_82507253] attempt=3 HTTP 403 — rate-limit, ждём 6.0 сек
14:54:44 [WARNING] http_utils: [PROD_82551936] attempt=3 HTTP 403 — rate-limit, ждём 7.0 сек
14:54:45 [WARNING] http_utils: [PROD_89437027] attempt=3 HTTP 403 — rate-limit, ждём 7.3 сек
14:54:45 [WARNING] http_utils: [PROD_84609097] attempt=3 HTTP 403 — rate-limit, ждём 6.7 сек
14:54:45 [WARNING] http_utils: [PROD_89437087] attempt=3 HTTP 403 — rate-limit, ждём 7.3 сек
14:54:45 [WARNING] http_utils: [PROD_82738609] attempt=3 HTTP 403 — rate-limit, ждём 6.5 сек
14:54:45 [WARNING] http_utils: [PROD_85323785] attempt=3 HTTP 403 — rate-limit, ждём 7.1 сек
14:54:45 [WARNING] http_utils: [PROD_86542141] attempt=3 HTTP 403 — rate-limit, ждём 6.8 сек
14:54:45 [WARNING] http_utils: [PROD_82833727] attempt=3 HTTP 403 — rate-limit, ждём 7.1 сек
14:54:45 [WARNING] http_utils: [PROD_88491141] attempt=3 HTTP 403 — rate-limit, ждём 7.3 сек
14:54:45 [WARNING] http_utils: [PROD_85025919] attempt=3 HTTP 403 — rate-limit, ждём 6.0 сек
14:54:45 [WARNING] http_utils: [PROD_89437083] attempt=3 HTTP 403 — rate-limit, ждём 7.2 сек
14:54:45 [WARNING] http_utils: [PROD_82738612] attempt=3 HTTP 403 — rate-limit, ждём 6.5 сек
14:54:46 [WARNING] http_utils: [PROD_88490077] attempt=3 HTTP 403 — rate-limit, ждём 6.4 сек
14:54:46 [WARNING] http_utils: [PROD_89437381] attempt=3 HTTP 403 — rate-limit, ждём 6.0 сек
14:54:46 [WARNING] http_utils: [PROD_89354227] attempt=3 HTTP 403 — rate-limit, ждём 6.7 сек
14:54:46 [WARNING] http_utils: [PROD_82666390] attempt=3 HTTP 403 — rate-limit, ждём 6.4 сек
14:54:46 [WARNING] http_utils: [PROD_82705183] attempt=3 HTTP 403 — rate-limit, ждём 6.8 сек
14:54:46 [WARNING] http_utils: [PROD_85323800] attempt=3 HTTP 403 — rate-limit, ждём 6.7 сек
14:54:46 [WARNING] http_utils: [PROD_85323788] attempt=3 HTTP 403 — rate-limit, ждём 6.8 сек
14:54:50 [WARNING] http_utils: [PROD_82507253] attempt=4 HTTP 403 — rate-limit, ждём 10.2 сек
14:54:50 [ERROR] http_utils: [PROD_82507253] retry exhausted: https://lemanapro.ru/product/svetilnik-ulichnyy-podvesnoy-shar-tdm-electric-bochonok-60-vt-ip54-cvet-belyy-bez-opory-82507253/
14:54:50 [WARNING] http_utils: [PROD_89395162] attempt=1 HTTP 403 — rate-limit, ждём 1.8 сек
14:54:51 [WARNING] http_utils: [PROD_85025919] attempt=4 HTTP 403 — rate-limit, ждём 10.9 сек
14:54:51 [ERROR] http_utils: [PROD_85025919] retry exhausted: https://lemanapro.ru/product/svetilnik-svetilnik-ulichnyy-shar-tdm-electric-kolca-60-vt-ip54-cvet-chernyy-bez-opory-85025919/
14:54:51 [WARNING] http_utils: [PROD_82551936] attempt=4 HTTP 403 — rate-limit, ждём 10.6 сек
14:54:51 [ERROR] http_utils: [PROD_82551936] retry exhausted: https://lemanapro.ru/product/svetodiodnaya-lenta-dlya-konturnoy-podsvetki-apeyron-smd5050-12v-10mm-2m-10vt-m-60diod-m-700lm-m-ip65-6500k-holodnyy-svet-82551936/
14:54:51 [WARNING] http_utils: [PROD_83986011] attempt=1 HTTP 403 — rate-limit, ждём 1.8 сек
14:54:51 [WARNING] http_utils: [PROD_89457558] attempt=1 HTTP 403 — rate-limit, ждём 1.9 сек
14:54:51 [WARNING] http_utils: [PROD_84609097] attempt=4 HTTP 403 — rate-limit, ждём 11.4 сек
14:54:51 [ERROR] http_utils: [PROD_84609097] retry exhausted: https://lemanapro.ru/product/svetilnik-nastenno-potolochnyy-volpe-ulw-q216-12-vt-ip65-s-datchikom-dvizheniya-krug-cvet-belyy-84609097/
14:54:51 [WARNING] http_utils: [PROD_83986010] attempt=1 HTTP 403 — rate-limit, ждём 2.3 сек
14:54:52 [WARNING] http_utils: [PROD_89437381] attempt=4 HTTP 403 — rate-limit, ждём 10.6 сек
14:54:52 [ERROR] http_utils: [PROD_89437381] retry exhausted: https://lemanapro.ru/product/podsvetka-svetodiodnaya-dlya-zerkala-300-mm-teplyy-belyy-svet-cvet-belyy-seryy-ip44-89437381/
14:54:52 [WARNING] http_utils: [PROD_89437028] attempt=1 HTTP 403 — rate-limit, ждём 1.3 сек
14:54:52 [WARNING] http_utils: [PROD_82738609] attempt=4 HTTP 403 — rate-limit, ждём 11.5 сек
14:54:52 [ERROR] http_utils: [PROD_82738609] retry exhausted: https://lemanapro.ru/product/svetilnik-zhkh-svetodiodnyy-volpe-q293-12-vt-ip65-nakladnoy-krug-neytralnyy-belyy-svet-cvet-belyy-82738609/
14:54:52 [WARNING] http_utils: [PROD_86375628] attempt=1 HTTP 403 — rate-limit, ждём 1.2 сек
14:54:52 [WARNING] http_utils: [PROD_89437027] attempt=4 HTTP 403 — rate-limit, ждём 10.2 сек
14:54:52 [ERROR] http_utils: [PROD_89437027] retry exhausted: https://lemanapro.ru/product/svetilnik-tochechnyy-vstraivaemyy-vlagozashchishchennyy-novotech-spot-370802-pod-otverstie-70-mm-gu10-cvet-hrom-89437027/
14:54:52 [WARNING] http_utils: [PROD_88490077] attempt=4 HTTP 403 — rate-limit, ждём 11.3 сек
14:54:52 [ERROR] http_utils: [PROD_88490077] retry exhausted: https://lemanapro.ru/product/svetilnik-zhkh-era-nbo-04-60-021-60-vt-ip54-oval-cvet-oreh-88490077/
14:54:52 [WARNING] http_utils: [PROD_83986074] attempt=1 HTTP 403 — rate-limit, ждём 2.0 сек
14:54:52 [WARNING] http_utils: [PROD_85323790] attempt=1 HTTP 403 — rate-limit, ждём 2.6 сек
14:54:52 [WARNING] http_utils: [PROD_89395162] attempt=2 HTTP 403 — rate-limit, ждём 4.0 сек
14:54:52 [WARNING] http_utils: [PROD_82738612] attempt=4 HTTP 403 — rate-limit, ждём 10.4 сек
14:54:52 [ERROR] http_utils: [PROD_82738612] retry exhausted: https://lemanapro.ru/product/svetilnik-zhkh-svetodiodnyy-volpe-q293-15-vt-ip65-82738612/
14:54:52 [WARNING] http_utils: [PROD_85324147] attempt=1 HTTP 403 — rate-limit, ждём 2.6 сек
14:54:52 [WARNING] http_utils: [PROD_82666390] attempt=4 HTTP 403 — rate-limit, ждём 11.0 сек
14:54:52 [ERROR] http_utils: [PROD_82666390] retry exhausted: https://lemanapro.ru/product/podsvetka-svetodiodnaya-portativnaya-inspire-lopra-dlya-zerkala-vlagozashchishchennaya-s-akkumulyatorom-82666390/
14:54:52 [WARNING] http_utils: [PROD_86542141] attempt=4 HTTP 403 — rate-limit, ждём 10.8 сек
14:54:52 [ERROR] http_utils: [PROD_86542141] retry exhausted: https://lemanapro.ru/product/svetilnik-nastenno-potolochnyy-svetodiodnyy-inspire-8-vt-ip65-krug-neytralnyy-belyy-svet-cvet-belyy-86542141/
14:54:52 [WARNING] http_utils: [PROD_89437029] attempt=1 HTTP 403 — rate-limit, ждём 2.0 сек
14:54:52 [WARNING] http_utils: [PROD_81945424] attempt=1 HTTP 403 — rate-limit, ждём 1.9 сек
14:54:52 [WARNING] http_utils: [PROD_85323785] attempt=4 HTTP 403 — rate-limit, ждём 10.9 сек
14:54:52 [ERROR] http_utils: [PROD_85323785] retry exhausted: https://lemanapro.ru/product/spot-svetodiodnyy-vstraivaemyy-vlagozashchishchennyy-inspire-extrafxs-otverstie-75mm-260lm-reguliruemyy-belyy-svet-chernyy-85323785/
14:54:52 [WARNING] http_utils: [PROD_89437087] attempt=4 HTTP 403 — rate-limit, ждём 11.1 сек
14:54:52 [ERROR] http_utils: [PROD_89437087] retry exhausted: https://lemanapro.ru/product/podsvetka-dlya-mebeli-svetodiodnaya-orizzone-7-vt-cvet-hrom-89437087/
14:54:52 [WARNING] http_utils: [PROD_89407687] attempt=1 HTTP 403 — rate-limit, ждём 2.4 сек
14:54:52 [WARNING] http_utils: [PROD_88490078] attempt=1 HTTP 403 — rate-limit, ждём 2.2 сек
14:54:52 [WARNING] http_utils: [PROD_82833727] attempt=4 HTTP 403 — rate-limit, ждём 11.2 сек
14:54:52 [ERROR] http_utils: [PROD_82833727] retry exhausted: https://lemanapro.ru/product/vstraivaemyy-svetilnik-daunlayt-ledvance-8w-865-ip44-100-mm-svet-holodnyy-belyy-goluboy-82833727/
14:54:52 [WARNING] http_utils: [PROD_89354227] attempt=4 HTTP 403 — rate-limit, ждём 10.1 сек
14:54:52 [ERROR] http_utils: [PROD_89354227] retry exhausted: https://lemanapro.ru/product/svetilnik-zhkh-svetodiodnyy-wolta-lcl04-25w-r21-4k-sm-25-vt-ip65-s-datchikom-dvizheniya-krug-cvet-belyy-89354227/
14:54:53 [WARNING] http_utils: [PROD_89437253] attempt=1 HTTP 403 — rate-limit, ждём 2.5 сек
14:54:53 [WARNING] http_utils: [PROD_89437071] attempt=1 HTTP 403 — rate-limit, ждём 2.4 сек
14:54:53 [WARNING] http_utils: [PROD_88491141] attempt=4 HTTP 403 — rate-limit, ждём 10.4 сек
14:54:53 [ERROR] http_utils: [PROD_88491141] retry exhausted: https://lemanapro.ru/product/svetilnik-zhkh-svetodiodnyy-onlayt-90-339-20-vt-ip65-krug-cvet-belyy-88491141/
14:54:53 [WARNING] http_utils: [PROD_85323800] attempt=4 HTTP 403 — rate-limit, ждём 10.5 сек
14:54:53 [ERROR] http_utils: [PROD_85323800] retry exhausted: https://lemanapro.ru/product/spot-svetodiodnyy-nakladnoy-vlagozashchishchennyy-inspire-sanoa-s-35-m-reguliruemyy-belyy-svet-cvet-metallik-85323800/
14:54:53 [WARNING] http_utils: [PROD_82035159] attempt=1 HTTP 403 — rate-limit, ждём 1.2 сек
14:54:53 [WARNING] http_utils: [PROD_89437030] attempt=1 HTTP 403 — rate-limit, ждём 2.4 сек
14:54:53 [WARNING] http_utils: [PROD_89437083] attempt=4 HTTP 403 — rate-limit, ждём 10.5 сек
14:54:53 [ERROR] http_utils: [PROD_89437083] retry exhausted: https://lemanapro.ru/product/svetilnik-tochechnyy-vstraivaemyy-vlagozashchishchennyy-arte-lamp-giro-pod-otverstiya-75-mm-gu10-cvet-belyy-89437083/
14:54:53 [WARNING] http_utils: [PROD_88491139] attempt=1 HTTP 403 — rate-limit, ждём 1.2 сек
14:54:53 [WARNING] http_utils: [PROD_82705183] attempt=4 HTTP 403 — rate-limit, ждём 10.2 сек
14:54:53 [ERROR] http_utils: [PROD_82705183] retry exhausted: https://lemanapro.ru/product/svetilnik-nbb-60-vt-ip20-s-optiko-akusticheskim-datchikom-82705183/
14:54:53 [WARNING] http_utils: [PROD_89437726] attempt=1 HTTP 403 — rate-limit, ждём 2.3 сек
14:54:53 [WARNING] http_utils: [PROD_89437028] attempt=2 HTTP 403 — rate-limit, ждём 3.8 сек
14:54:53 [WARNING] http_utils: [PROD_86375628] attempt=2 HTTP 403 — rate-limit, ждём 2.9 сек
14:54:53 [WARNING] http_utils: [PROD_85323788] attempt=4 HTTP 403 — rate-limit, ждём 10.5 сек
14:54:53 [ERROR] http_utils: [PROD_85323788] retry exhausted: https://lemanapro.ru/product/spot-svetodiodnyy-vstraivaemyy-vlagozashchishchennyy-inspire-extraf-xs-otverstie-75mm-reguliruemyy-belyy-svet-cvet-chernyy-85323788/
14:54:53 [WARNING] http_utils: [PROD_83986011] attempt=2 HTTP 403 — rate-limit, ждём 2.9 сек
14:54:53 [WARNING] http_utils: [PROD_82798922] attempt=1 HTTP 403 — rate-limit, ждём 1.8 сек
14:54:53 [WARNING] http_utils: [PROD_89457558] attempt=2 HTTP 403 — rate-limit, ждём 3.5 сек
14:54:54 [WARNING] http_utils: [PROD_83986010] attempt=2 HTTP 403 — rate-limit, ждём 3.8 сек
14:54:54 [WARNING] http_utils: [PROD_82035159] attempt=2 HTTP 403 — rate-limit, ждём 3.0 сек
14:54:54 [WARNING] http_utils: [PROD_88491139] attempt=2 HTTP 403 — rate-limit, ждём 3.3 сек
14:54:54 [WARNING] http_utils: [PROD_83986074] attempt=2 HTTP 403 — rate-limit, ждём 3.2 сек
14:54:54 [WARNING] http_utils: [PROD_81945424] attempt=2 HTTP 403 — rate-limit, ждём 4.1 сек
14:54:54 [WARNING] http_utils: [PROD_89437029] attempt=2 HTTP 403 — rate-limit, ждём 4.1 сек
14:54:55 [WARNING] http_utils: [PROD_88490078] attempt=2 HTTP 403 — rate-limit, ждём 3.0 сек
14:54:55 [WARNING] http_utils: [PROD_85323790] attempt=2 HTTP 403 — rate-limit, ждём 4.2 сек
14:54:55 [WARNING] http_utils: [PROD_85324147] attempt=2 HTTP 403 — rate-limit, ждём 4.2 сек
14:54:55 [WARNING] http_utils: [PROD_89407687] attempt=2 HTTP 403 — rate-limit, ждём 3.2 сек
14:54:55 [WARNING] http_utils: [PROD_89437071] attempt=2 HTTP 403 — rate-limit, ждём 3.4 сек
14:54:55 [WARNING] http_utils: [PROD_89437253] attempt=2 HTTP 403 — rate-limit, ждём 3.1 сек
14:54:55 [WARNING] http_utils: [PROD_82798922] attempt=2 HTTP 403 — rate-limit, ждём 3.9 сек
14:54:55 [WARNING] http_utils: [PROD_89437030] attempt=2 HTTP 403 — rate-limit, ждём 3.6 сек
14:54:55 [WARNING] http_utils: [PROD_89437726] attempt=2 HTTP 403 — rate-limit, ждём 3.7 сек
14:54:56 [WARNING] http_utils: [PROD_86375628] attempt=3 HTTP 403 — rate-limit, ждём 6.0 сек
14:54:56 [WARNING] http_utils: [PROD_89395162] attempt=3 HTTP 403 — rate-limit, ждём 7.0 сек
14:54:56 [WARNING] http_utils: [PROD_83986011] attempt=3 HTTP 403 — rate-limit, ждём 6.1 сек
14:54:57 [WARNING] http_utils: [PROD_89437028] attempt=3 HTTP 403 — rate-limit, ждём 6.1 сек
14:54:57 [WARNING] http_utils: [PROD_89457558] attempt=3 HTTP 403 — rate-limit, ждём 6.6 сек
14:54:57 [WARNING] http_utils: [PROD_82035159] attempt=3 HTTP 403 — rate-limit, ждём 6.6 сек
14:54:57 [WARNING] http_utils: [PROD_83986074] attempt=3 HTTP 403 — rate-limit, ждём 6.1 сек
14:54:57 [WARNING] http_utils: [PROD_88491139] attempt=3 HTTP 403 — rate-limit, ждём 6.3 сек
14:54:58 [WARNING] http_utils: [PROD_88490078] attempt=3 HTTP 403 — rate-limit, ждём 6.7 сек
14:54:58 [WARNING] http_utils: [PROD_83986010] attempt=3 HTTP 403 — rate-limit, ждём 6.2 сек
14:54:58 [WARNING] http_utils: [PROD_89407687] attempt=3 HTTP 403 — rate-limit, ждём 7.3 сек
14:54:58 [WARNING] http_utils: [PROD_89437253] attempt=3 HTTP 403 — rate-limit, ждём 6.9 сек
14:54:58 [WARNING] http_utils: [PROD_89437029] attempt=3 HTTP 403 — rate-limit, ждём 6.5 сек
14:54:58 [WARNING] http_utils: [PROD_81945424] attempt=3 HTTP 403 — rate-limit, ждём 6.7 сек
14:54:58 [WARNING] http_utils: [PROD_89437071] attempt=3 HTTP 403 — rate-limit, ждём 7.4 сек
14:54:59 [WARNING] http_utils: [PROD_89437030] attempt=3 HTTP 403 — rate-limit, ждём 7.2 сек
14:54:59 [WARNING] http_utils: [PROD_85323790] attempt=3 HTTP 403 — rate-limit, ждём 6.2 сек
14:54:59 [WARNING] http_utils: [PROD_85324147] attempt=3 HTTP 403 — rate-limit, ждём 6.5 сек
14:54:59 [WARNING] http_utils: [PROD_89437726] attempt=3 HTTP 403 — rate-limit, ждём 6.9 сек
14:54:59 [WARNING] http_utils: [PROD_82798922] attempt=3 HTTP 403 — rate-limit, ждём 6.9 сек
14:55:02 [WARNING] http_utils: [PROD_86375628] attempt=4 HTTP 403 — rate-limit, ждём 11.3 сек
14:55:02 [ERROR] http_utils: [PROD_86375628] retry exhausted: https://lemanapro.ru/product/svetodiodnaya-lenta-uniel-smd2835-12v-6-mm-5m-9-vt-m-120diod-m-60-lm-m-ip67-6500-k-holodnyy-belyy-svet-86375628/
14:55:02 [WARNING] http_utils: [PROD_83986011] attempt=4 HTTP 403 — rate-limit, ждём 10.4 сек
14:55:02 [ERROR] http_utils: [PROD_83986011] retry exhausted: https://lemanapro.ru/product/svetilnik-nakladnoy-novotech-led-358688-20-vt-ip54-83986011/
14:55:03 [WARNING] http_utils: [PROD_89437028] attempt=4 HTTP 403 — rate-limit, ждём 11.0 сек
14:55:03 [ERROR] http_utils: [PROD_89437028] retry exhausted: https://lemanapro.ru/product/svetilnik-tochechnyy-vstraivaemyy-vlagozashchishchennyy-novotech-spot-370804-pod-otverstie-70-mm-gu10-cvet-belyy-89437028/
14:55:03 [WARNING] http_utils: [PROD_89395162] attempt=4 HTTP 403 — rate-limit, ждём 10.9 сек
14:55:03 [ERROR] http_utils: [PROD_89395162] retry exhausted: https://lemanapro.ru/product/svetilnik-zhkh-svetodiodnyy-onlayt-obl-15-vt-s-datchikom-krug-cvet-belyy-89395162/
14:55:03 [WARNING] http_utils: [PROD_83986074] attempt=4 HTTP 403 — rate-limit, ждём 11.1 сек
14:55:03 [ERROR] http_utils: [PROD_83986074] retry exhausted: https://lemanapro.ru/product/svetilnik-tochechnyy-vstraivaemyy-novotech-370786-gu10-9-vt-ip44-cvet-belyy-hrom-83986074/
14:55:03 [WARNING] http_utils: [PROD_89457558] attempt=4 HTTP 403 — rate-limit, ждём 11.0 сек
14:55:03 [ERROR] http_utils: [PROD_89457558] retry exhausted: https://lemanapro.ru/product/svetilnik-utilitarnyy-nastenno-potolochnyy-svetodiodnyy-wolta-25-vt-ip65-s-datchikom-dvizheniya-krug-cvet-belyy-89457558/
14:55:04 [WARNING] http_utils: [PROD_82035159] attempt=4 HTTP 403 — rate-limit, ждём 10.2 сек
14:55:04 [ERROR] http_utils: [PROD_82035159] retry exhausted: https://lemanapro.ru/product/spot-povorotnyy-yukka-1-lampa-gu10-ip44-cvet-chernyy-hrom-82035159/
14:55:04 [WARNING] http_utils: [PROD_88491139] attempt=4 HTTP 403 — rate-limit, ждём 10.3 сек
14:55:04 [ERROR] http_utils: [PROD_88491139] retry exhausted: https://lemanapro.ru/product/svetilnik-zhkh-svetodiodnyy-onlayt-90-338-12-vt-ip65-krug-cvet-belyy-88491139/
14:55:04 [WARNING] http_utils: [PROD_83986010] attempt=4 HTTP 403 — rate-limit, ждём 11.3 сек
14:55:04 [ERROR] http_utils: [PROD_83986010] retry exhausted: https://lemanapro.ru/product/svetilnik-nakladnoy-novotech-led-358687-15-vt-ip54-83986010/
14:55:04 [WARNING] http_utils: [PROD_88490078] attempt=4 HTTP 403 — rate-limit, ждём 11.1 сек
14:55:04 [ERROR] http_utils: [PROD_88490078] retry exhausted: https://lemanapro.ru/product/svetilnik-zhkh-era-nbo-03-60-011-60-vt-ip54-krug-cvet-klen-88490078/
14:55:05 [WARNING] http_utils: [PROD_89437029] attempt=4 HTTP 403 — rate-limit, ждём 10.2 сек
14:55:05 [ERROR] http_utils: [PROD_89437029] retry exhausted: https://lemanapro.ru/product/svetilnik-tochechnyy-vstraivaemyy-vlagozashchishchennyy-novotech-spot-370801-pod-otverstie-70-mm-gu10-cvet-chernyy-89437029/
14:55:05 [WARNING] http_utils: [PROD_81945424] attempt=4 HTTP 403 — rate-limit, ждём 10.7 сек
14:55:05 [ERROR] http_utils: [PROD_81945424] retry exhausted: https://lemanapro.ru/product/komplekt-svetodiodnoy-lenty-dlya-konturnoy-podsvetki-apeyron-smd5050-12v-10-mm-3m-10-vt-m-60diod-m-700-lm-m-ip65-rgb-81945424/
14:55:05 [WARNING] http_utils: [PROD_85323790] attempt=4 HTTP 403 — rate-limit, ждём 11.1 сек
14:55:05 [ERROR] http_utils: [PROD_85323790] retry exhausted: https://lemanapro.ru/product/spot-svetodiodnyy-vstraivaemyy-vlagozashchishchennyy-inspire-extraf-l-otverstie-205mm-2000lm-reguliruemyy-belyy-svet-metall-85323790/
14:55:05 [WARNING] http_utils: [PROD_89437253] attempt=4 HTTP 403 — rate-limit, ждём 10.9 сек
14:55:05 [ERROR] http_utils: [PROD_89437253] retry exhausted: https://lemanapro.ru/product/svetilnik-utilitarnyy-nastenno-potolochnyy-jazzway-pbh-pc-ra-24-vt-ip65-krug-cvet-chernyy-89437253/
14:55:05 [WARNING] http_utils: [PROD_89407687] attempt=4 HTTP 403 — rate-limit, ждём 10.2 сек
14:55:05 [ERROR] http_utils: [PROD_89407687] retry exhausted: https://lemanapro.ru/product/svetodiodnaya-lenta-dlya-konturnoy-podsvetki-apeyron-smd5050-12v-10mm-3m-10vt-m-60diod-m-700lm-m-ip65-4k-neytralnyy-svet-89407687/
14:55:05 [WARNING] http_utils: [PROD_85324147] attempt=4 HTTP 403 — rate-limit, ждём 11.4 сек
14:55:05 [ERROR] http_utils: [PROD_85324147] retry exhausted: https://lemanapro.ru/product/svetilnik-podvesnoy-dlya-vannoy-komnaty-inspire-mah-mono-1-lampa-vlagozashchishchennyy-cvet-belyy-85324147/
14:55:06 [WARNING] http_utils: [PROD_89437726] attempt=4 HTTP 403 — rate-limit, ждём 11.3 сек
14:55:06 [ERROR] http_utils: [PROD_89437726] retry exhausted: https://lemanapro.ru/product/svetilnik-utilitarnyy-nastenno-potolochnyy-jazzway-pbh-pc-oa-8-vt-ip65-oval-cvet-belyy-89437726/
14:55:06 [WARNING] http_utils: [PROD_89437071] attempt=4 HTTP 403 — rate-limit, ждём 11.0 сек
14:55:06 [ERROR] http_utils: [PROD_89437071] retry exhausted: https://lemanapro.ru/product/svetilnik-tochechnyy-nakladnoy-vlagozashchishchennyy-arte-lamp-intercrus-gx53-cvet-chernyy-89437071/
14:55:06 [WARNING] http_utils: [PROD_82798922] attempt=4 HTTP 403 — rate-limit, ждём 11.2 сек
14:55:06 [ERROR] http_utils: [PROD_82798922] retry exhausted: https://lemanapro.ru/product/svetilnik-utilitarnyy-nastenno-potolochnyy-vlagozashchishchennyy-era-nbp03-100-001-12-m-cvet-belyy-82798922/
14:55:06 [WARNING] http_utils: [PROD_89437030] attempt=4 HTTP 403 — rate-limit, ждём 10.9 сек
14:55:06 [ERROR] http_utils: [PROD_89437030] retry exhausted: https://lemanapro.ru/product/svetilnik-tochechnyy-vstraivaemyy-vlagozashchishchennyy-novotech-spot-370805-pod-otverstie-70-mm-gu10-cvet-chernyy-89437030/
14:55:07 [INFO] main: 📝 Запись в Excel...
14:55:07 [INFO] excel_writer: ✅ Excel сохранён: output\lemana_result_20260429_145507.xlsx (80 строк)
15:17:06 [INFO] main: 🌐 Шаг 1/3: Получаем cookie через Playwright...
15:17:06 [INFO] playwright_auth: 🍪 Используем cookie из .env (794 симв | qrator_jsid2=✓)
15:17:06 [INFO] main: 📄 Шаг 2/3: Сбор каталога...
15:17:07 [ERROR] http_utils: [CATALOG_1] HTTP 401 — Cookie устарела! Обнови LEMANA_COOKIE в .env
15:17:53 [INFO] main: 🌐 Шаг 1/3: Получаем cookie через Playwright...
15:17:53 [INFO] playwright_auth: 🍪 Используем cookie из .env (794 симв | qrator_jsid2=✓)
15:17:53 [INFO] main: 📄 Шаг 2/3: Сбор каталога...
15:17:55 [INFO] catalog: ℹ️  totalCount=177, perPage=27, totalPages=7
15:18:00 [INFO] main: ✅ Товаров в каталоге: 80
15:18:00 [INFO] main: 🔎 Шаг 3/3: Загрузка карточек товаров...
15:19:11 [WARNING] http_utils: [PROD_85323800] attempt=1 HTTP 403 — rate-limit, ждём 2.5 сек
15:19:14 [WARNING] http_utils: [PROD_85323800] attempt=2 HTTP 403 — rate-limit, ждём 3.8 сек
15:19:18 [WARNING] http_utils: [PROD_85323800] attempt=3 HTTP 403 — rate-limit, ждём 6.4 сек
15:19:34 [WARNING] http_utils: [PROD_88491141] attempt=1 HTTP 403 — rate-limit, ждём 1.4 сек
15:19:34 [WARNING] http_utils: [PROD_89354227] attempt=1 HTTP 403 — rate-limit, ждём 1.3 сек
15:19:36 [WARNING] http_utils: [PROD_89354227] attempt=2 HTTP 403 — rate-limit, ждём 4.4 сек
15:19:36 [WARNING] http_utils: [PROD_88491141] attempt=2 HTTP 403 — rate-limit, ждём 3.8 сек
15:19:39 [WARNING] http_utils: [PROD_88491141] attempt=3 HTTP 403 — rate-limit, ждём 7.3 сек
15:19:40 [WARNING] http_utils: [PROD_89354227] attempt=3 HTTP 403 — rate-limit, ждём 6.5 сек
15:19:46 [WARNING] http_utils: [PROD_89354227] attempt=4 HTTP 403 — rate-limit, ждём 10.5 сек
15:19:46 [ERROR] http_utils: [PROD_89354227] retry exhausted: https://lemanapro.ru/product/svetilnik-zhkh-svetodiodnyy-wolta-lcl04-25w-r21-4k-sm-25-vt-ip65-s-datchikom-dvizheniya-krug-cvet-belyy-89354227/
15:19:47 [WARNING] http_utils: [PROD_88491141] attempt=4 HTTP 403 — rate-limit, ждём 10.1 сек
15:19:47 [ERROR] http_utils: [PROD_88491141] retry exhausted: https://lemanapro.ru/product/svetilnik-zhkh-svetodiodnyy-onlayt-90-339-20-vt-ip65-krug-cvet-belyy-88491141/
15:19:51 [WARNING] http_utils: [PROD_82507253] attempt=1 HTTP 403 — rate-limit, ждём 1.4 сек
15:19:51 [WARNING] http_utils: [PROD_82833727] attempt=1 HTTP 403 — rate-limit, ждём 1.5 сек
15:19:51 [WARNING] http_utils: [PROD_85323785] attempt=1 HTTP 403 — rate-limit, ждём 2.3 сек
15:19:52 [WARNING] http_utils: [PROD_82507253] attempt=2 HTTP 403 — rate-limit, ждём 3.4 сек
15:19:52 [WARNING] http_utils: [PROD_82833727] attempt=2 HTTP 403 — rate-limit, ждём 4.3 сек
15:19:53 [WARNING] http_utils: [PROD_85323785] attempt=2 HTTP 403 — rate-limit, ждём 3.9 сек
15:19:56 [WARNING] http_utils: [PROD_82507253] attempt=3 HTTP 403 — rate-limit, ждём 7.4 сек
15:19:57 [WARNING] http_utils: [PROD_82833727] attempt=3 HTTP 403 — rate-limit, ждём 6.3 сек
15:19:57 [WARNING] http_utils: [PROD_85323785] attempt=3 HTTP 403 — rate-limit, ждём 5.9 сек
15:20:03 [WARNING] http_utils: [PROD_82833727] attempt=4 HTTP 403 — rate-limit, ждём 11.5 сек
15:20:03 [ERROR] http_utils: [PROD_82833727] retry exhausted: https://lemanapro.ru/product/vstraivaemyy-svetilnik-daunlayt-ledvance-8w-865-ip44-100-mm-svet-holodnyy-belyy-goluboy-82833727/
15:20:03 [WARNING] http_utils: [PROD_85323785] attempt=4 HTTP 403 — rate-limit, ждём 11.2 сек
15:20:03 [ERROR] http_utils: [PROD_85323785] retry exhausted: https://lemanapro.ru/product/spot-svetodiodnyy-vstraivaemyy-vlagozashchishchennyy-inspire-extrafxs-otverstie-75mm-260lm-reguliruemyy-belyy-svet-chernyy-85323785/
15:20:03 [WARNING] http_utils: [PROD_82507253] attempt=4 HTTP 403 — rate-limit, ждём 10.9 сек
15:20:03 [ERROR] http_utils: [PROD_82507253] retry exhausted: https://lemanapro.ru/product/svetilnik-ulichnyy-podvesnoy-shar-tdm-electric-bochonok-60-vt-ip54-cvet-belyy-bez-opory-82507253/
15:20:07 [WARNING] http_utils: [PROD_85323788] attempt=1 HTTP 403 — rate-limit, ждём 2.3 сек
15:20:07 [WARNING] http_utils: [PROD_89437083] attempt=1 HTTP 403 — rate-limit, ждём 2.0 сек
15:20:07 [WARNING] http_utils: [PROD_89437087] attempt=1 HTTP 403 — rate-limit, ждём 1.3 сек
15:20:08 [WARNING] http_utils: [PROD_89437087] attempt=2 HTTP 403 — rate-limit, ждём 3.9 сек
15:20:09 [WARNING] http_utils: [PROD_89437083] attempt=2 HTTP 403 — rate-limit, ждём 4.3 сек
15:20:09 [WARNING] http_utils: [PROD_85323788] attempt=2 HTTP 403 — rate-limit, ждём 2.9 сек
15:20:12 [WARNING] http_utils: [PROD_89437087] attempt=3 HTTP 403 — rate-limit, ждём 7.1 сек
15:20:12 [WARNING] http_utils: [PROD_85323788] attempt=3 HTTP 403 — rate-limit, ждём 6.0 сек
15:20:13 [WARNING] http_utils: [PROD_89437083] attempt=3 HTTP 403 — rate-limit, ждём 6.3 сек
15:20:18 [WARNING] http_utils: [PROD_85323788] attempt=4 HTTP 403 — rate-limit, ждём 10.2 сек
15:20:18 [ERROR] http_utils: [PROD_85323788] retry exhausted: https://lemanapro.ru/product/spot-svetodiodnyy-vstraivaemyy-vlagozashchishchennyy-inspire-extraf-xs-otverstie-75mm-reguliruemyy-belyy-svet-cvet-chernyy-85323788/
15:20:19 [WARNING] http_utils: [PROD_89437087] attempt=4 HTTP 403 — rate-limit, ждём 11.1 сек
15:20:19 [ERROR] http_utils: [PROD_89437087] retry exhausted: https://lemanapro.ru/product/podsvetka-dlya-mebeli-svetodiodnaya-orizzone-7-vt-cvet-hrom-89437087/
15:20:20 [WARNING] http_utils: [PROD_89437083] attempt=4 HTTP 403 — rate-limit, ждём 10.6 сек
15:20:20 [ERROR] http_utils: [PROD_89437083] retry exhausted: https://lemanapro.ru/product/svetilnik-tochechnyy-vstraivaemyy-vlagozashchishchennyy-arte-lamp-giro-pod-otverstiya-75-mm-gu10-cvet-belyy-89437083/
15:20:24 [WARNING] http_utils: [PROD_89437027] attempt=1 HTTP 403 — rate-limit, ждём 1.6 сек
15:20:24 [WARNING] http_utils: [PROD_88490077] attempt=1 HTTP 403 — rate-limit, ждём 2.5 сек
15:20:24 [WARNING] http_utils: [PROD_82666390] attempt=1 HTTP 403 — rate-limit, ждём 1.9 сек
15:20:25 [WARNING] http_utils: [PROD_89437027] attempt=2 HTTP 403 — rate-limit, ждём 4.1 сек
15:20:26 [WARNING] http_utils: [PROD_82666390] attempt=2 HTTP 403 — rate-limit, ждём 3.2 сек
15:20:26 [WARNING] http_utils: [PROD_88490077] attempt=2 HTTP 403 — rate-limit, ждём 3.1 сек
15:20:29 [WARNING] http_utils: [PROD_82666390] attempt=3 HTTP 403 — rate-limit, ждём 6.2 сек
15:20:29 [WARNING] http_utils: [PROD_89437027] attempt=3 HTTP 403 — rate-limit, ждём 7.3 сек
15:20:30 [WARNING] http_utils: [PROD_88490077] attempt=3 HTTP 403 — rate-limit, ждём 6.7 сек
15:20:35 [WARNING] http_utils: [PROD_82666390] attempt=4 HTTP 403 — rate-limit, ждём 11.5 сек
15:20:35 [ERROR] http_utils: [PROD_82666390] retry exhausted: https://lemanapro.ru/product/podsvetka-svetodiodnaya-portativnaya-inspire-lopra-dlya-zerkala-vlagozashchishchennaya-s-akkumulyatorom-82666390/
15:20:36 [WARNING] http_utils: [PROD_88490077] attempt=4 HTTP 403 — rate-limit, ждём 10.7 сек
15:20:36 [ERROR] http_utils: [PROD_88490077] retry exhausted: https://lemanapro.ru/product/svetilnik-zhkh-era-nbo-04-60-021-60-vt-ip54-oval-cvet-oreh-88490077/
15:20:37 [WARNING] http_utils: [PROD_89437027] attempt=4 HTTP 403 — rate-limit, ждём 10.9 сек
15:20:37 [ERROR] http_utils: [PROD_89437027] retry exhausted: https://lemanapro.ru/product/svetilnik-tochechnyy-vstraivaemyy-vlagozashchishchennyy-novotech-spot-370802-pod-otverstie-70-mm-gu10-cvet-hrom-89437027/
15:20:41 [WARNING] http_utils: [PROD_83986011] attempt=1 HTTP 403 — rate-limit, ждём 2.1 сек
15:20:41 [WARNING] http_utils: [PROD_89457558] attempt=1 HTTP 403 — rate-limit, ждём 1.2 сек
15:20:41 [WARNING] http_utils: [PROD_89395162] attempt=1 HTTP 403 — rate-limit, ждём 2.4 сек
15:20:42 [WARNING] http_utils: [PROD_89457558] attempt=2 HTTP 403 — rate-limit, ждём 3.8 сек
15:20:43 [WARNING] http_utils: [PROD_83986011] attempt=2 HTTP 403 — rate-limit, ждём 3.3 сек
15:20:43 [WARNING] http_utils: [PROD_89395162] attempt=2 HTTP 403 — rate-limit, ждём 4.1 сек
15:20:46 [WARNING] http_utils: [PROD_89457558] attempt=3 HTTP 403 — rate-limit, ждём 7.2 сек
15:20:46 [WARNING] http_utils: [PROD_83986011] attempt=3 HTTP 403 — rate-limit, ждём 6.6 сек
15:20:47 [WARNING] http_utils: [PROD_89395162] attempt=3 HTTP 403 — rate-limit, ждём 6.6 сек
15:20:53 [WARNING] http_utils: [PROD_83986011] attempt=4 HTTP 403 — rate-limit, ждём 10.1 сек
15:20:53 [ERROR] http_utils: [PROD_83986011] retry exhausted: https://lemanapro.ru/product/svetilnik-nakladnoy-novotech-led-358688-20-vt-ip54-83986011/
15:20:53 [WARNING] http_utils: [PROD_89457558] attempt=4 HTTP 403 — rate-limit, ждём 10.5 сек
15:20:53 [ERROR] http_utils: [PROD_89457558] retry exhausted: https://lemanapro.ru/product/svetilnik-utilitarnyy-nastenno-potolochnyy-svetodiodnyy-wolta-25-vt-ip65-s-datchikom-dvizheniya-krug-cvet-belyy-89457558/
15:20:54 [WARNING] http_utils: [PROD_89395162] attempt=4 HTTP 403 — rate-limit, ждём 10.1 сек
15:20:54 [ERROR] http_utils: [PROD_89395162] retry exhausted: https://lemanapro.ru/product/svetilnik-zhkh-svetodiodnyy-onlayt-obl-15-vt-s-datchikom-krug-cvet-belyy-89395162/
15:20:58 [WARNING] http_utils: [PROD_89437028] attempt=1 HTTP 403 — rate-limit, ждём 1.5 сек
15:20:58 [WARNING] http_utils: [PROD_83986010] attempt=1 HTTP 403 — rate-limit, ждём 1.5 сек
15:20:58 [WARNING] http_utils: [PROD_86375628] attempt=1 HTTP 403 — rate-limit, ждём 2.3 сек
15:21:00 [WARNING] http_utils: [PROD_89437028] attempt=2 HTTP 403 — rate-limit, ждём 4.2 сек
15:21:00 [WARNING] http_utils: [PROD_83986010] attempt=2 HTTP 403 — rate-limit, ждём 3.5 сек
15:21:00 [WARNING] http_utils: [PROD_86375628] attempt=2 HTTP 403 — rate-limit, ждём 4.1 сек
15:21:03 [WARNING] http_utils: [PROD_83986010] attempt=3 HTTP 403 — rate-limit, ждём 6.9 сек
15:21:04 [WARNING] http_utils: [PROD_89437028] attempt=3 HTTP 403 — rate-limit, ждём 7.1 сек
15:21:10 [WARNING] http_utils: [PROD_83986010] attempt=4 HTTP 403 — rate-limit, ждём 10.9 сек
15:21:10 [ERROR] http_utils: [PROD_83986010] retry exhausted: https://lemanapro.ru/product/svetilnik-nakladnoy-novotech-led-358687-15-vt-ip54-83986010/
15:21:11 [WARNING] http_utils: [PROD_89437028] attempt=4 HTTP 403 — rate-limit, ждём 11.2 сек
15:21:11 [ERROR] http_utils: [PROD_89437028] retry exhausted: https://lemanapro.ru/product/svetilnik-tochechnyy-vstraivaemyy-vlagozashchishchennyy-novotech-spot-370804-pod-otverstie-70-mm-gu10-cvet-belyy-89437028/
15:21:15 [WARNING] http_utils: [PROD_85323790] attempt=1 HTTP 403 — rate-limit, ждём 2.0 сек
15:21:15 [WARNING] http_utils: [PROD_85324147] attempt=1 HTTP 403 — rate-limit, ждём 2.3 сек
15:21:15 [WARNING] http_utils: [PROD_83986074] attempt=1 HTTP 403 — rate-limit, ждём 1.2 сек
15:21:16 [WARNING] http_utils: [PROD_83986074] attempt=2 HTTP 403 — rate-limit, ждём 2.9 сек
15:21:17 [WARNING] http_utils: [PROD_85323790] attempt=2 HTTP 403 — rate-limit, ждём 3.9 сек
15:21:17 [WARNING] http_utils: [PROD_85324147] attempt=2 HTTP 403 — rate-limit, ждём 3.9 сек
15:21:19 [WARNING] http_utils: [PROD_83986074] attempt=3 HTTP 403 — rate-limit, ждём 6.8 сек
15:21:21 [WARNING] http_utils: [PROD_85323790] attempt=3 HTTP 403 — rate-limit, ждём 7.1 сек
15:21:21 [WARNING] http_utils: [PROD_85324147] attempt=3 HTTP 403 — rate-limit, ждём 6.6 сек
15:21:26 [WARNING] http_utils: [PROD_83986074] attempt=4 HTTP 403 — rate-limit, ждём 10.3 сек
15:21:26 [ERROR] http_utils: [PROD_83986074] retry exhausted: https://lemanapro.ru/product/svetilnik-tochechnyy-vstraivaemyy-novotech-370786-gu10-9-vt-ip44-cvet-belyy-hrom-83986074/
15:21:28 [WARNING] http_utils: [PROD_85324147] attempt=4 HTTP 403 — rate-limit, ждём 11.1 сек
15:21:28 [ERROR] http_utils: [PROD_85324147] retry exhausted: https://lemanapro.ru/product/svetilnik-podvesnoy-dlya-vannoy-komnaty-inspire-mah-mono-1-lampa-vlagozashchishchennyy-cvet-belyy-85324147/
15:21:28 [WARNING] http_utils: [PROD_85323790] attempt=4 HTTP 403 — rate-limit, ждём 10.4 сек
15:21:28 [ERROR] http_utils: [PROD_85323790] retry exhausted: https://lemanapro.ru/product/spot-svetodiodnyy-vstraivaemyy-vlagozashchishchennyy-inspire-extraf-l-otverstie-205mm-2000lm-reguliruemyy-belyy-svet-metall-85323790/
15:21:32 [WARNING] http_utils: [PROD_81945424] attempt=1 HTTP 403 — rate-limit, ждём 2.4 сек
15:21:32 [WARNING] http_utils: [PROD_89437029] attempt=1 HTTP 403 — rate-limit, ждём 2.4 сек
15:21:32 [WARNING] http_utils: [PROD_89407687] attempt=1 HTTP 403 — rate-limit, ждём 2.2 сек
15:21:34 [WARNING] http_utils: [PROD_89407687] attempt=2 HTTP 403 — rate-limit, ждём 3.7 сек
15:21:35 [WARNING] http_utils: [PROD_81945424] attempt=2 HTTP 403 — rate-limit, ждём 2.9 сек
15:21:35 [WARNING] http_utils: [PROD_89437029] attempt=2 HTTP 403 — rate-limit, ждём 3.4 сек
15:21:37 [WARNING] http_utils: [PROD_81945424] attempt=3 HTTP 403 — rate-limit, ждём 6.3 сек
15:21:38 [WARNING] http_utils: [PROD_89437029] attempt=3 HTTP 403 — rate-limit, ждём 7.3 сек
15:21:38 [WARNING] http_utils: [PROD_89407687] attempt=3 HTTP 403 — rate-limit, ждём 6.1 сек
15:21:44 [WARNING] http_utils: [PROD_81945424] attempt=4 HTTP 403 — rate-limit, ждём 11.2 сек
15:21:44 [ERROR] http_utils: [PROD_81945424] retry exhausted: https://lemanapro.ru/product/komplekt-svetodiodnoy-lenty-dlya-konturnoy-podsvetki-apeyron-smd5050-12v-10-mm-3m-10-vt-m-60diod-m-700-lm-m-ip65-rgb-81945424/
15:21:44 [WARNING] http_utils: [PROD_89407687] attempt=4 HTTP 403 — rate-limit, ждём 11.1 сек
15:21:44 [ERROR] http_utils: [PROD_89407687] retry exhausted: https://lemanapro.ru/product/svetodiodnaya-lenta-dlya-konturnoy-podsvetki-apeyron-smd5050-12v-10mm-3m-10vt-m-60diod-m-700lm-m-ip65-4k-neytralnyy-svet-89407687/
15:21:45 [WARNING] http_utils: [PROD_89437029] attempt=4 HTTP 403 — rate-limit, ждём 10.3 сек
15:21:45 [ERROR] http_utils: [PROD_89437029] retry exhausted: https://lemanapro.ru/product/svetilnik-tochechnyy-vstraivaemyy-vlagozashchishchennyy-novotech-spot-370801-pod-otverstie-70-mm-gu10-cvet-chernyy-89437029/
15:21:49 [WARNING] http_utils: [PROD_89437071] attempt=1 HTTP 403 — rate-limit, ждём 1.8 сек
15:21:49 [WARNING] http_utils: [PROD_88490078] attempt=1 HTTP 403 — rate-limit, ждём 1.3 сек
15:21:49 [WARNING] http_utils: [PROD_89437253] attempt=1 HTTP 403 — rate-limit, ждём 1.3 сек
15:21:51 [WARNING] http_utils: [PROD_88490078] attempt=2 HTTP 403 — rate-limit, ждём 3.7 сек
15:21:51 [WARNING] http_utils: [PROD_89437253] attempt=2 HTTP 403 — rate-limit, ждём 4.3 сек
15:21:51 [WARNING] http_utils: [PROD_89437071] attempt=2 HTTP 403 — rate-limit, ждём 3.5 сек
15:21:54 [WARNING] http_utils: [PROD_88490078] attempt=3 HTTP 403 — rate-limit, ждём 6.4 сек
15:21:55 [WARNING] http_utils: [PROD_89437071] attempt=3 HTTP 403 — rate-limit, ждём 6.3 сек
15:21:55 [WARNING] http_utils: [PROD_89437253] attempt=3 HTTP 403 — rate-limit, ждём 6.6 сек
15:22:01 [WARNING] http_utils: [PROD_88490078] attempt=4 HTTP 403 — rate-limit, ждём 11.0 сек
15:22:01 [ERROR] http_utils: [PROD_88490078] retry exhausted: https://lemanapro.ru/product/svetilnik-zhkh-era-nbo-03-60-011-60-vt-ip54-krug-cvet-klen-88490078/
15:22:01 [WARNING] http_utils: [PROD_89437071] attempt=4 HTTP 403 — rate-limit, ждём 11.5 сек
15:22:01 [ERROR] http_utils: [PROD_89437071] retry exhausted: https://lemanapro.ru/product/svetilnik-tochechnyy-nakladnoy-vlagozashchishchennyy-arte-lamp-intercrus-gx53-cvet-chernyy-89437071/
15:22:02 [WARNING] http_utils: [PROD_89437253] attempt=4 HTTP 403 — rate-limit, ждём 11.0 сек
15:22:02 [ERROR] http_utils: [PROD_89437253] retry exhausted: https://lemanapro.ru/product/svetilnik-utilitarnyy-nastenno-potolochnyy-jazzway-pbh-pc-ra-24-vt-ip65-krug-cvet-chernyy-89437253/
15:22:06 [WARNING] http_utils: [PROD_82035159] attempt=1 HTTP 403 — rate-limit, ждём 2.5 сек
15:22:06 [WARNING] http_utils: [PROD_88491139] attempt=1 HTTP 403 — rate-limit, ждём 1.6 сек
15:22:06 [WARNING] http_utils: [PROD_89437030] attempt=1 HTTP 403 — rate-limit, ждём 1.1 сек
15:22:07 [WARNING] http_utils: [PROD_89437030] attempt=2 HTTP 403 — rate-limit, ждём 4.2 сек
15:22:07 [WARNING] http_utils: [PROD_88491139] attempt=2 HTTP 403 — rate-limit, ждём 4.4 сек
15:22:08 [WARNING] http_utils: [PROD_82035159] attempt=2 HTTP 403 — rate-limit, ждём 3.9 сек
15:22:11 [WARNING] http_utils: [PROD_89437030] attempt=3 HTTP 403 — rate-limit, ждём 6.8 сек
15:22:12 [WARNING] http_utils: [PROD_88491139] attempt=3 HTTP 403 — rate-limit, ждём 6.8 сек
15:22:12 [WARNING] http_utils: [PROD_82035159] attempt=3 HTTP 403 — rate-limit, ждём 6.7 сек
15:22:18 [WARNING] http_utils: [PROD_89437030] attempt=4 HTTP 403 — rate-limit, ждём 11.2 сек
15:22:18 [ERROR] http_utils: [PROD_89437030] retry exhausted: https://lemanapro.ru/product/svetilnik-tochechnyy-vstraivaemyy-vlagozashchishchennyy-novotech-spot-370805-pod-otverstie-70-mm-gu10-cvet-chernyy-89437030/
15:22:19 [WARNING] http_utils: [PROD_88491139] attempt=4 HTTP 403 — rate-limit, ждём 10.2 сек
15:22:19 [ERROR] http_utils: [PROD_88491139] retry exhausted: https://lemanapro.ru/product/svetilnik-zhkh-svetodiodnyy-onlayt-90-338-12-vt-ip65-krug-cvet-belyy-88491139/
15:22:19 [WARNING] http_utils: [PROD_82035159] attempt=4 HTTP 403 — rate-limit, ждём 11.6 сек
15:22:19 [ERROR] http_utils: [PROD_82035159] retry exhausted: https://lemanapro.ru/product/spot-povorotnyy-yukka-1-lampa-gu10-ip44-cvet-chernyy-hrom-82035159/
15:22:23 [WARNING] http_utils: [PROD_82798922] attempt=1 HTTP 403 — rate-limit, ждём 1.6 сек
15:22:23 [WARNING] http_utils: [PROD_89437726] attempt=1 HTTP 403 — rate-limit, ждём 1.6 сек
15:22:24 [WARNING] http_utils: [PROD_82798922] attempt=2 HTTP 403 — rate-limit, ждём 3.8 сек
15:22:25 [WARNING] http_utils: [PROD_89437726] attempt=2 HTTP 403 — rate-limit, ждём 3.9 сек
15:22:28 [WARNING] http_utils: [PROD_82798922] attempt=3 HTTP 403 — rate-limit, ждём 7.1 сек
15:22:28 [WARNING] http_utils: [PROD_89437726] attempt=3 HTTP 403 — rate-limit, ждём 6.6 сек
15:22:35 [WARNING] http_utils: [PROD_89437726] attempt=4 HTTP 403 — rate-limit, ждём 10.8 сек
15:22:35 [ERROR] http_utils: [PROD_89437726] retry exhausted: https://lemanapro.ru/product/svetilnik-utilitarnyy-nastenno-potolochnyy-jazzway-pbh-pc-oa-8-vt-ip65-oval-cvet-belyy-89437726/
15:22:35 [WARNING] http_utils: [PROD_82798922] attempt=4 HTTP 403 — rate-limit, ждём 11.2 сек
15:22:35 [ERROR] http_utils: [PROD_82798922] retry exhausted: https://lemanapro.ru/product/svetilnik-utilitarnyy-nastenno-potolochnyy-vlagozashchishchennyy-era-nbp03-100-001-12-m-cvet-belyy-82798922/
15:22:35 [INFO] main: 📝 Запись в Excel...
15:22:36 [INFO] excel_writer: ✅ Excel сохранён: output\lemana_result_20260429_152235.xlsx (80 строк)
15:34:01 [INFO] main: 🌐 Шаг 1/3: Получаем cookie через Playwright...
15:34:01 [INFO] playwright_auth: 🍪 Используем cookie из .env (794 симв | qrator_jsid2=✓)
15:34:02 [INFO] main: 📄 Шаг 2/3: Сбор каталога...
15:34:03 [INFO] catalog: ℹ️  totalCount=177, perPage=27, totalPages=7
15:34:08 [INFO] main: ✅ Товаров в каталоге: 80
15:34:08 [INFO] main: 🔎 Шаг 3/3: Загрузка карточек товаров...
15:40:55 [INFO] main: 📝 Запись в Excel...
15:40:55 [INFO] excel_writer: ✅ Excel сохранён: output\lemana_result_20260429_154055.xlsx (80 строк)
16:24:57 [INFO] main: 🌐 Шаг 1/3: Получаем cookie через Playwright...
16:24:57 [INFO] playwright_auth: 🍪 Используем cookie из .env (794 симв | qrator_jsid2=✓)
16:27:48 [INFO] main: 🌐 Шаг 1/3: Получаем cookie через Playwright...
16:27:48 [INFO] playwright_auth: 🍪 Используем cookie из .env (794 симв | qrator_jsid2=✓)
16:27:48 [INFO] main: 📄 Шаг 2/3: Сбор каталога...
16:27:48 [ERROR] http_utils: [CATALOG p=1] HTTP 401 — Cookie устарела! Обнови LEMANA_COOKIE в .env
16:31:20 [INFO] main: 🌐 Шаг 1/3: Получаем cookie через Playwright...
16:31:20 [INFO] playwright_auth: 🍪 Используем cookie из .env (794 симв | qrator_jsid2=✓)
16:31:21 [INFO] main: 📄 Шаг 2/3: Сбор каталога...
16:31:21 [ERROR] http_utils: [CATALOG p=1] HTTP 401 — Cookie устарела! Обнови LEMANA_COOKIE в .env
16:31:58 [INFO] main: 🌐 Шаг 1/3: Получаем cookie через Playwright...
16:31:58 [INFO] playwright_auth: 🍪 Используем cookie из .env (794 симв | qrator_jsid2=✓)
16:31:58 [INFO] main: 📄 Шаг 2/3: Сбор каталога...
16:31:58 [ERROR] http_utils: [CATALOG p=1] HTTP 401 — Cookie устарела! Обнови LEMANA_COOKIE в .env
14:14:55 [INFO] main: 🌐 Шаг 1/3: Получаем cookie через Playwright...
14:14:55 [INFO] playwright_auth: 🍪 Используем cookie из .env (794 симв | qrator_jsid2=✓)
14:14:56 [INFO] main: 📄 Шаг 2/3: Сбор каталога...
14:14:56 [ERROR] http_utils: [CATALOG p=1] HTTP 401 — cookie отклонена сервером. Проверь актуальность cookie и заголовки.
